global_palette.h
global_palette.c
borderBottomRight.h
borderBottomRight.c
borderTopRight.h
borderTopRight.c
borderTopLeft.h
borderTopLeft.c
borderBottomLeft.h
borderBottomLeft.c
borderTileLeft.h
borderTileLeft.c
borderTileRight.h
borderTileRight.c
borderTileDown.h
borderTileDown.c
borderTileUp.h
borderTileUp.c
grayTile.h
grayTile.c
purpleTile.h
purpleTile.c
whiteTile.h
whiteTile.c
cyanTile.h
cyanTile.c
orangeTile.h
orangeTile.c
yellowTile.h
yellowTile.c
blueTile.h
blueTile.c
redTile.h
redTile.c
grassTile.h
grassTile.c
boardTileEmpty.h
boardTileEmpty.c
titleText.h
titleText.c
pointer.h
pointer.c
selectorBorder.h
selectorBorder.c
backButtonBorder.h
backButtonBorder.c
star.h
star.c
goldButton.h
goldButton.c
silverButton.h
silverButton.c
bronzeButton.h
bronzeButton.c
lockedButton.h
lockedButton.c
endScreen.h
endScreen.c
gfx.h
